{
    "samples": [
        {
            "access_token": "6-\u0008RDI\u0006\u0003>Q1|\u0017\u00001d\u0000a[",
            "data": {
                "body": {
                    "message": {
                        "body": "'=Wg\u0006;Ub\u000c\u0003\u00062%\u0003ecM\u0001U",
                        "data": []
                    }
                },
                "environment": "POw25\u0008B\"mmw&1b\u0011\u0000\twkE(AMd-\u0012",
                "language": "haskell",
                "level": "error",
                "notifier": {
                    "name": "rollbar-hs",
                    "version": "0.3.2.0"
                },
                "platform": "darwin"
            }
        },
        {
            "access_token": "X1\u001fPRP9\u0001\u001d\u0003\u0012\u0012\u0007,R8X9vz\u0015<P\u0016p\u000f[R,",
            "data": {
                "body": {
                    "message": {
                        "body": "\u0016zG.N\u0008OdN\r\u001e\n+X lu\u0013zD'%[vn\u000cP\u001bd",
                        "data": []
                    }
                },
                "environment": "M\\;\u001a",
                "language": "haskell",
                "level": "warning",
                "notifier": {
                    "name": "rollbar-hs",
                    "version": "0.3.2.0"
                },
                "platform": "darwin"
            }
        },
        {
            "access_token": "r\u0011G$\u0011\u000fyVvSU\u001f>5Ip\u00043\u0018+",
            "data": {
                "body": {
                    "message": {
                        "body": "V\u001f\u0000ve",
                        "data": []
                    }
                },
                "environment": "9\u00009\nx;^%\u0001\u0018",
                "language": "haskell",
                "level": "debug",
                "notifier": {
                    "name": "rollbar-hs",
                    "version": "0.3.2.0"
                },
                "platform": "darwin"
            }
        },
        {
            "access_token": "\u0013Z+g\u0004}>_\u00110I\u001buas[/=[39?\u0019t\u0002\u0003$N",
            "data": {
                "body": {
                    "message": {
                        "body": "-^\tZ",
                        "data": []
                    }
                },
                "environment": "/w\u000eXfhzyt.\u000f\u000b3y^",
                "language": "haskell",
                "level": "info",
                "notifier": {
                    "name": "rollbar-hs",
                    "version": "0.3.2.0"
                },
                "platform": "darwin"
            }
        },
        {
            "access_token": "\u001c5\u0014<\u0010)\u0005jGu\u0016T\"l\u000b\u0018GY\u0017gv\u0000@C\u0016H",
            "data": {
                "body": {
                    "message": {
                        "body": "FL(\u0006>!LT\u0008*x!x\\=4Rn6fXj3zL",
                        "data": []
                    }
                },
                "environment": "C{{\u0013<RNF?*<:D$@\\k",
                "language": "haskell",
                "level": "warning",
                "notifier": {
                    "name": "rollbar-hs",
                    "version": "0.3.2.0"
                },
                "platform": "darwin"
            }
        }
    ],
    "seed": 527511337
}